
[2025/12/2 17:51:12]
邮箱: hmz@qq.com
验证码: 49843
有效期至: 2025/12/2 17:53:12
========================================

[2025/12/2 18:15:27]
邮箱: s230026055@mail.bnbu.edu.cn
验证码: 86467
有效期至: 2025/12/2 18:17:27
========================================

[2025/12/2 18:17:25]
邮箱: s230026055@mail.bnbu.edu.cn
验证码: 23022
有效期至: 2025/12/2 18:19:25
========================================

[2025/12/2 18:26:20]
邮箱: kennyhuang0119@gmail.com
验证码: 25413
有效期至: 2025/12/2 18:28:20
========================================

[2025/12/3 15:08:41]
邮箱: 2584391204@qq.com
验证码: 20905
有效期至: 2025/12/3 15:10:41
========================================

[2025/12/3 15:23:36]
邮箱: test@example.com
验证码: 57986
有效期至: 2025/12/3 15:25:36
========================================

[2025/12/3 15:41:38]
邮箱: 1@1.com
验证码: 71158
有效期至: 2025/12/3 15:43:38
========================================

[2025/12/3 16:42:04]
邮箱: test1@qq.com
验证码: 17074
有效期至: 2025/12/3 16:44:04
========================================

[2025/12/3 16:48:41]
邮箱: test2@qq.com
验证码: 90905
有效期至: 2025/12/3 16:50:41
========================================

[2025/12/3 16:49:05]
邮箱: test3@qq.com
验证码: 94680
有效期至: 2025/12/3 16:51:05
========================================

[2025/12/3 16:52:17]
邮箱: s230026202@mail.bnbu.edu.cn
验证码: 88478
有效期至: 2025/12/3 16:54:17
========================================

[2025/12/11 09:33:27]
邮箱: kennyhuang0119@gmail.com
验证码: 93137
有效期至: 2025/12/11 09:35:27
========================================

[2025/12/11 09:37:47]
邮箱: s230026055@mail.bnbu.edu.cn
验证码: 77087
有效期至: 2025/12/11 09:39:47
========================================

[2025/12/11 09:43:39]
邮箱: hmz@163.com
验证码: 40089
有效期至: 2025/12/11 09:45:39
========================================

[2025/12/11 09:44:13]
邮箱: s230026055@mail.bnbu.edu.cn
验证码: 93868
有效期至: 2025/12/11 09:46:13
========================================

[2025/12/11 09:46:51]
邮箱: s230026055@mail.bnbu.edu.cn
验证码: 93804
有效期至: 2025/12/11 09:48:51
========================================

[2025/12/11 09:49:22]
邮箱: hmz@qqq.com
验证码: 33674
有效期至: 2025/12/11 09:51:22
========================================

[2025/12/11 10:00:40]
邮箱: ss@mail.bnbu.edu.cn
验证码: 94399
有效期至: 2025/12/11 10:02:40
========================================

[2025/12/11 10:00:49]
邮箱: s2300260@mail.bnbu.edu.cn
验证码: 40669
有效期至: 2025/12/11 10:02:49
========================================

[2025/12/11 10:00:54]
邮箱: s230026055@mail.bnbu.edu.cn
验证码: 38635
有效期至: 2025/12/11 10:02:54
========================================

[2025/12/11 10:01:43]
邮箱: s230026008@mail.bnbu.edu.cn
验证码: 82150
有效期至: 2025/12/11 10:03:43
========================================

[2025/12/11 10:05:49]
邮箱: senseilai@gmail.com
验证码: 29674
有效期至: 2025/12/11 10:07:49
========================================

[2025/12/11 10:06:59]
邮箱: s230026138@mail.bnbu.edu.cn
验证码: 14985
有效期至: 2025/12/11 10:08:59
========================================

[2025/12/11 10:13:30]
邮箱: s230031353@mail.bnbu.edu.cn
验证码: 89651
有效期至: 2025/12/11 10:15:30
========================================

[2025/12/11 10:19:59]
邮箱: 123@qq.com
验证码: 48192
有效期至: 2025/12/11 10:21:59
========================================

[2025/12/11 10:20:11]
邮箱: 123123123@qq.com
验证码: 58923
有效期至: 2025/12/11 10:22:11
========================================

[2025/12/11 10:20:50]
邮箱: 66666@qq.com
验证码: 32269
有效期至: 2025/12/11 10:22:50
========================================

[2025/12/11 11:01:55]
邮箱: s230026055@mail.bnbu.edu.cn
验证码: 17713
有效期至: 2025/12/11 11:03:55
========================================

[2025/12/11 11:05:00]
邮箱: s230026055@mail.bnbu.edu.cn
验证码: 49386
有效期至: 2025/12/11 11:07:00
========================================

[2025/12/11 11:08:42]
邮箱: s230026055@mail.bnbu.edu.cns
验证码: 57564
有效期至: 2025/12/11 11:10:42
========================================

[2025/12/11 11:09:12]
邮箱: s230026055@mail.bnbu.edu.cn
验证码: 19461
有效期至: 2025/12/11 11:11:12
========================================

[2025/12/11 11:10:42]
邮箱: s230026055@mail.bnbu.edu.cn
验证码: 54588
有效期至: 2025/12/11 11:12:42
========================================

[2025/12/11 11:11:12]
邮箱: s230026055@mail.bnbu.edu.cn
验证码: 41405
有效期至: 2025/12/11 11:13:12
========================================

[2026/1/12 10:01:41]
邮箱: hmz@mail.bnbu.edu.cn
验证码: 74572
有效期至: 2026/1/12 10:03:41
========================================

[2026/1/12 10:01:53]
邮箱: hmz123123123@mail.bnbu.edu.cn
验证码: 92643
有效期至: 2026/1/12 10:03:53
========================================

[2026/1/12 10:03:36]
邮箱: s230026055hmz@mail.bnbu.edu.cn
验证码: 61656
有效期至: 2026/1/12 10:05:36
========================================

[2026/1/12 10:07:35]
邮箱: kennyhuang0119_test@gmail.com
验证码: 51243
有效期至: 2026/1/12 10:09:35
========================================

[2026/1/12 10:08:13]
邮箱: test_s230026055@mail.bnbu.edu.cn
验证码: 57140
有效期至: 2026/1/12 10:10:13
========================================

[2026/1/12 10:12:31]
邮箱: lvluyao@qq.com
验证码: 81518
有效期至: 2026/1/12 10:14:31
========================================

[2026/1/12 10:13:02]
邮箱: zzkkjj@qq.com
验证码: 56613
有效期至: 2026/1/12 10:15:02
========================================

[2026/1/12 10:13:30]
邮箱: zkj@mail.bnbu.edu.cn
验证码: 69755
有效期至: 2026/1/12 10:15:30
========================================

[2026/1/12 10:14:40]
邮箱: zkjzkj@qq.com
验证码: 70507
有效期至: 2026/1/12 10:16:40
========================================

[2026/1/12 10:15:40]
邮箱: hehekennyhuang0119@gmail.com
验证码: 83694
有效期至: 2026/1/12 10:17:40
========================================

[2026/1/12 10:16:02]
邮箱: dondon@qq.com
验证码: 43008
有效期至: 2026/1/12 10:18:02
========================================

[2026/1/12 10:16:18]
邮箱: test@mail.bnbu.edu.cn
验证码: 50930
有效期至: 2026/1/12 10:18:18
========================================

[2026/1/12 10:17:38]
邮箱: ss230026055@mail.bnbu.edu.cn
验证码: 84615
有效期至: 2026/1/12 10:19:38
========================================

[2026/1/12 10:18:28]
邮箱: 12wdw@qq.com
验证码: 14180
有效期至: 2026/1/12 10:20:28
========================================

[2026/1/12 10:18:55]
邮箱: s230026139@mail.bnbu.edu.cn
验证码: 42254
有效期至: 2026/1/12 10:20:55
========================================

[2026/1/12 10:21:30]
邮箱: t330026147@mail.bnbu.edu.cn
验证码: 90196
有效期至: 2026/1/12 10:23:30
========================================

[2026/1/12 10:29:27]
邮箱: xuting@bnbu.edu.cn
验证码: 14731
有效期至: 2026/1/12 10:31:27
========================================

[2026/1/12 10:30:07]
邮箱: xuting@bnbu.edu.cn
验证码: 76653
有效期至: 2026/1/12 10:32:07
========================================

[2026/2/24 14:58:39]
邮箱: kennyhuang0119@gmail.com
验证码: 14607
有效期至: 2026/2/24 15:00:39
========================================

[2026/2/24 14:59:32]
邮箱: hehehekennyhuang0119@gmail.com
验证码: 95585
有效期至: 2026/2/24 15:01:32
========================================
